17:27:59 INFO  [DesignRNAScaffold::setup] #########
17:27:59 INFO  [DesignRNAScaffold::setup] # setup #
17:27:59 INFO  [DesignRNAScaffold::setup] #########
17:28:00 INFO  [DesignRNAScaffold::_setup_from_pdb] loaded pdb from file: inputs/min_tetraloop_receptor.pdb
17:28:00 INFO  [DesignRNAScaffold::_setup_from_pdb] available ends to build off: A144-A159 A220-A253 A232-A242 
17:28:00 INFO  [DesignRNAScaffold::_setup_from_pdb] start basepair: A220-A253 is found!
17:28:00 INFO  [DesignRNAScaffold::_setup_from_pdb] end basepair: A144-A159 is found!
17:28:00 INFO  [DesignRNAScaffold::setup] out file that contains all build solutions -> default.out can be set with --out_file
17:28:00 INFO  [DesignRNAScaffold::setup] score file that contains summary information about solutions -> default.scores can be set with --score_file
17:28:00 INFO  [DesignRNAScaffold::_setup_search] search type -> path_finding
17:28:00 INFO  [DesignRNAScaffold::_setup_search] search solution filter -> RemoveDuplicateHelices
17:28:00 INFO  [DesignRNAScaffold::_setup_search] search cutoff -> 5.000000
17:28:00 INFO  [DesignRNAScaffold::_setup_search] search max size (how many residues) -> 999999
17:28:00 INFO  [DesignRNAScaffold::_setup_problem] 78 steric beads were found to block residue overlap with supplied structure
17:28:00 INFO  [DesignRNAScaffold::setup] sequence optimization cutoff -> 5
17:28:00 INFO  [DesignRNAScaffold::setup] sequence optimization steps -> 1000
17:28:00 INFO  [DesignRNAScaffold::run] ###################
17:28:00 INFO  [DesignRNAScaffold::run] # starting search #
17:28:00 INFO  [DesignRNAScaffold::run] ###################
17:28:00 DEBUG [DesignRNAScaffold::run] *** starting motif search ***
17:28:00 INFO  [DesignRNAScaffold::_get_motif_graph_solution] found a solution: HELIX.FLEX.6.13;TWOWAY.1S72.38;HELIX.FLEX.7.6; with score: 4.18335
17:28:00 DEBUG [DesignRNAScaffold::_get_motif_graph_solution] potential solution: #0
17:28:00 DEBUG [DesignRNAScaffold::_get_motif_graph_solution] GUUGAUAUGGAUNNNNUGGAAGNNNNNUCAGGGGAAACUUUGANNNNNCAGGAAGNNNNGUCCUAAGUCAAC
17:28:00 DEBUG [DesignRNAScaffold::_get_motif_graph_solution] ((((((.((((((((((....((((((((((((....)))))))))))).....)))))))))..)))))))
17:28:00 DEBUG [DesignRNAScaffold::run] *** starting sequence optimization ***
17:28:00 DEBUG [DesignRNAScaffold::run] starting sequence optimization attempt: 0
17:28:01 DEBUG [sequence_optimization::SequenceOptimizer3D::get_optimized_sequences] found solution! score=4.43336
17:28:01 DEBUG [sequence_optimization::SequenceOptimizer3D::get_optimized_sequences] GUUGAUAUGGAUUACAUGGAAGGUCCCUCAGGGGAAACUUUGAGGGACCAGGAAGUGUAGUCCUAAGUCAAC
17:28:01 DEBUG [DesignRNAScaffold::run] *** finished design: 0 ***
17:28:01 DEBUG [DesignRNAScaffold::run] *** starting motif search ***
17:28:01 INFO  [DesignRNAScaffold::_get_motif_graph_solution] found a solution: HELIX.FLEX.6.12;TWOWAY.1S72.38;HELIX.FLEX.5.4;TWOWAY.3BNQ.6; with score: 3.00772
17:28:01 DEBUG [DesignRNAScaffold::_get_motif_graph_solution] potential solution: #1
17:28:01 DEBUG [DesignRNAScaffold::_get_motif_graph_solution] GUUGAUAUGGAUNNNNUGGAAGNNNCACCCAGGGGAAACUUUGGCAAGNNNCAGGAAGNNNNGUCCUAAGUCAAC
17:28:01 DEBUG [DesignRNAScaffold::_get_motif_graph_solution] ((((((.((((((((((....(((((..((((((....))))))...))))).....)))))))))..)))))))
17:28:01 DEBUG [DesignRNAScaffold::run] *** starting sequence optimization ***
17:28:01 DEBUG [DesignRNAScaffold::run] starting sequence optimization attempt: 0
17:28:02 DEBUG [sequence_optimization::SequenceOptimizer3D::get_optimized_sequences] found solution! score=4.46026
17:28:02 DEBUG [sequence_optimization::SequenceOptimizer3D::get_optimized_sequences] GUUGAUAUGGAUCUUAUGGAAGUAGCACCCAGGGGAAACUUUGGCAAGCUACAGGAAGUAAGGUCCUAAGUCAAC
17:28:02 DEBUG [DesignRNAScaffold::run] *** finished design: 1 ***
17:28:02 DEBUG [DesignRNAScaffold::run] *** starting motif search ***
17:28:02 DEBUG [DesignRNAScaffold::run] no more solutions generated by motif search
17:28:02 INFO  [DesignRNAScaffold::run] found 2 designs, did not reach desired num of 10
17:28:02 DEBUG [DesignRNAScaffold::run] NON-ERROR EXIT
